[SUCCESS] Root endpoint reachable
[SUCCESS] Retrieved 5 products

[FAILED] Test failed: Textual SQL expression '\n        SELECT i.country...' should be explicitly declared as text('\n        SELECT i.country...')
